[k8s-up] dockerd ready
[k8s-up] kind create cluster --name lab --config /etc/devtools/kind/kind-lab.yaml
Creating cluster "lab" ...
 • Ensuring node image (kindest/node:v1.37.0) 🖼️  ...
 ✓ Ensuring node image (kindest/node:v1.37.0) 🖼️
 • Preparing nodes 📦 📦 📦   ...
 ✓ Preparing nodes 📦 📦 📦 
 • Writing configuration 📜  ...
 ✓ Writing configuration 📜
 • Starting control-plane 🕹️  ...
 ✓ Starting control-plane 🕹️
 • Installing CNI 🔌  ...
 ✓ Installing CNI 🔌
 • Installing StorageClass 💾  ...
 ✓ Installing StorageClass 💾
 • Joining worker nodes 🚜  ...
 ✓ Joining worker nodes 🚜
Set kubectl context to "kind-lab"
You can now use your cluster with:

kubectl cluster-info --context kind-lab

Have a question, bug, or feature request? Let us know! https://kind.sigs.k8s.io/#community 🙂
[k8s-up] waiting for all nodes Ready (timeout 180s)...
node/lab-control-plane condition met
node/lab-worker condition met
node/lab-worker2 condition met

NAME                STATUS   ROLES           AGE   VERSION   INTERNAL-IP   EXTERNAL-IP   OS-IMAGE                       KERNEL-VERSION                             CONTAINER-RUNTIME
lab-control-plane   Ready    control-plane   23s   v1.37.0   172.19.0.4    <none>        Debian GNU/Linux 13 (trixie)   6.6.87.2-microsoft-standard-WSL2 (amd64)   containerd://2.3.4
lab-worker          Ready    <none>          12s   v1.37.0   172.19.0.2    <none>        Debian GNU/Linux 13 (trixie)   6.6.87.2-microsoft-standard-WSL2 (amd64)   containerd://2.3.4
lab-worker2         Ready    <none>          12s   v1.37.0   172.19.0.3    <none>        Debian GNU/Linux 13 (trixie)   6.6.87.2-microsoft-standard-WSL2 (amd64)   containerd://2.3.4

[k8s-up] cluster 'lab' พร้อมใช้งาน (kubectl context: kind-lab)
  kubectl get pods -A                       # ดู pod ทั้งหมด (alias: k get pods -A)
  kubectl apply -f /workspace/examples/web-deployment.yaml   # deploy nginx → http://localhost:30080
  docker build -t myapp:1.0 /workspace/examples/myapp           # build image myapp จากตัวอย่าง
  kind load docker-image myapp:1.0 --name lab   # นำ image จาก dockerd เข้า node
  k9s                                       # terminal UI ดู cluster
  k8s-down                                  # ลบคลัสเตอร์
  NodePort ที่ map ออก host: 30080 30081 30082

real	0m47.936s
user	0m0.017s
sys	0m0.016s
